// Jest Snapshot v1, https://goo.gl/fbAQLP

exports[`Snapshot 1`] = `
{
  "Outputs": {
    "ExportsOutputRefdmsInstance50CC9CB5": {
      "Export": {
        "Name": "instance:ExportsOutputRefdmsInstance50CC9CB5",
      },
      "Value": {
        "Ref": "dmsInstance",
      },
    },
  },
  "Parameters": {
    "BootstrapVersion": {
      "Default": "/cdk-bootstrap/hnb659fds/version",
      "Description": "Version of the CDK Bootstrap resources in this environment, automatically retrieved from SSM Parameter Store. [cdk:skip]",
      "Type": "AWS::SSM::Parameter::Value<String>",
    },
  },
  "Resources": {
    "dmsInstance": {
      "Properties": {
        "AutoMinorVersionUpgrade": true,
        "MultiAZ": true,
        "PubliclyAccessible": false,
        "ReplicationInstanceClass": "t3.medium",
        "ReplicationInstanceIdentifier": "instance",
        "ReplicationSubnetGroupIdentifier": {
          "Ref": "dmsSubnetGroup",
        },
        "VpcSecurityGroupIds": [
          {
            "Fn::GetAtt": [
              "dmsInstanceSg042FE530",
              "GroupId",
            ],
          },
        ],
      },
      "Type": "AWS::DMS::ReplicationInstance",
    },
    "dmsInstanceSg042FE530": {
      "Properties": {
        "GroupDescription": "instance/dmsInstanceSg",
        "SecurityGroupEgress": [
          {
            "CidrIp": "0.0.0.0/0",
            "Description": "Allow all outbound traffic by default",
            "IpProtocol": "-1",
          },
        ],
        "VpcId": "vpc-12345",
      },
      "Type": "AWS::EC2::SecurityGroup",
    },
    "dmsSubnetGroup": {
      "Properties": {
        "ReplicationSubnetGroupDescription": "DMS Subnet Group",
        "ReplicationSubnetGroupIdentifier": "instance",
        "SubnetIds": [
          "p-12345",
          "p-67890",
        ],
      },
      "Type": "AWS::DMS::ReplicationSubnetGroup",
    },
  },
  "Rules": {
    "CheckBootstrapVersion": {
      "Assertions": [
        {
          "Assert": {
            "Fn::Not": [
              {
                "Fn::Contains": [
                  [
                    "1",
                    "2",
                    "3",
                    "4",
                    "5",
                  ],
                  {
                    "Ref": "BootstrapVersion",
                  },
                ],
              },
            ],
          },
          "AssertDescription": "CDK bootstrap stack version 6 required. Please run 'cdk bootstrap' with a recent version of the CDK CLI.",
        },
      ],
    },
  },
}
`;

exports[`Snapshot 2`] = `
{
  "Parameters": {
    "BootstrapVersion": {
      "Default": "/cdk-bootstrap/hnb659fds/version",
      "Description": "Version of the CDK Bootstrap resources in this environment, automatically retrieved from SSM Parameter Store. [cdk:skip]",
      "Type": "AWS::SSM::Parameter::Value<String>",
    },
  },
  "Resources": {
    "dmsReplicationTask": {
      "Properties": {
        "MigrationType": "full-load-and-cdc",
        "ReplicationInstanceArn": {
          "Fn::ImportValue": "instance:ExportsOutputRefdmsInstance50CC9CB5",
        },
        "ReplicationTaskIdentifier": "renovolive-clrenovo",
        "ReplicationTaskSettings": "{"Logging":{"EnableLogging":true,"EnableLogContext":true,"LogComponents":[{"Severity":"LOGGER_SEVERITY_DEFAULT","Id":"TRANSFORMATION"},{"Severity":"LOGGER_SEVERITY_DEFAULT","Id":"SOURCE_UNLOAD"},{"Severity":"LOGGER_SEVERITY_DEFAULT","Id":"IO"},{"Severity":"LOGGER_SEVERITY_DEFAULT","Id":"TARGET_LOAD"},{"Severity":"LOGGER_SEVERITY_DEFAULT","Id":"PERFORMANCE"},{"Severity":"LOGGER_SEVERITY_DEFAULT","Id":"SOURCE_CAPTURE"},{"Severity":"LOGGER_SEVERITY_DEFAULT","Id":"SORTER"},{"Severity":"LOGGER_SEVERITY_DEFAULT","Id":"REST_SERVER"},{"Severity":"LOGGER_SEVERITY_DEFAULT","Id":"VALIDATOR_EXT"},{"Severity":"LOGGER_SEVERITY_DEFAULT","Id":"TARGET_APPLY"},{"Severity":"LOGGER_SEVERITY_DEFAULT","Id":"TASK_MANAGER"},{"Severity":"LOGGER_SEVERITY_DEFAULT","Id":"TABLES_MANAGER"},{"Severity":"LOGGER_SEVERITY_DEFAULT","Id":"METADATA_MANAGER"},{"Severity":"LOGGER_SEVERITY_DEFAULT","Id":"FILE_FACTORY"},{"Severity":"LOGGER_SEVERITY_DEFAULT","Id":"COMMON"},{"Severity":"LOGGER_SEVERITY_DEFAULT","Id":"ADDONS"},{"Severity":"LOGGER_SEVERITY_DEFAULT","Id":"DATA_STRUCTURE"},{"Severity":"LOGGER_SEVERITY_DEFAULT","Id":"COMMUNICATION"},{"Severity":"LOGGER_SEVERITY_DEFAULT","Id":"FILE_TRANSFER"}]},"StreamBufferSettings":{"StreamBufferCount":3,"CtrlStreamBufferSizeInMB":5,"StreamBufferSizeInMB":8},"ErrorBehavior":{"FailOnNoTablesCaptured":true,"ApplyErrorUpdatePolicy":"LOG_ERROR","FailOnTransactionConsistencyBreached":false,"RecoverableErrorThrottlingMax":1800,"DataErrorEscalationPolicy":"SUSPEND_TABLE","ApplyErrorEscalationCount":0,"RecoverableErrorStopRetryAfterThrottlingMax":true,"RecoverableErrorThrottling":true,"ApplyErrorFailOnTruncationDdl":false,"DataTruncationErrorPolicy":"LOG_ERROR","ApplyErrorInsertPolicy":"LOG_ERROR","EventErrorPolicy":"IGNORE","ApplyErrorEscalationPolicy":"LOG_ERROR","RecoverableErrorCount":-1,"DataErrorEscalationCount":0,"TableErrorEscalationPolicy":"STOP_TASK","RecoverableErrorInterval":5,"ApplyErrorDeletePolicy":"IGNORE_RECORD","TableErrorEscalationCount":0,"FullLoadIgnoreConflicts":true,"DataErrorPolicy":"LOG_ERROR","TableErrorPolicy":"SUSPEND_TABLE"},"TTSettings":{"TTS3Settings":null,"TTRecordSettings":null,"EnableTT":false},"FullLoadSettings":{"CommitRate":10000,"StopTaskCachedChangesApplied":false,"StopTaskCachedChangesNotApplied":false,"MaxFullLoadSubTasks":8,"TransactionConsistencyTimeout":600,"CreatePkAfterFullLoad":false,"TargetTablePrepMode":"DO_NOTHING","PersistPartitionProgressForResumption":false},"TargetMetadata":{"ParallelApplyBufferSize":0,"ParallelApplyQueuesPerThread":0,"ParallelApplyThreads":0,"TargetSchema":"","InlineLobMaxSize":0,"ParallelLoadQueuesPerThread":0,"SupportLobs":true,"LobChunkSize":0,"TaskRecoveryTableEnabled":false,"ParallelLoadThreads":0,"LobMaxSize":32,"BatchApplyEnabled":true,"FullLobMode":false,"LimitedSizeLobMode":true,"LoadMaxFileSize":0,"ParallelLoadBufferSize":0},"BeforeImageSettings":null,"ControlTablesSettings":{"historyTimeslotInMinutes":5,"HistoryTimeslotInMinutes":5,"StatusTableEnabled":false,"SuspendedTablesTableEnabled":false,"HistoryTableEnabled":false,"ControlSchema":"","FullLoadExceptionTableEnabled":false},"LoopbackPreventionSettings":null,"CharacterSetSettings":null,"FailTaskWhenCleanTaskResourceFailed":false,"ChangeProcessingTuning":{"StatementCacheSize":50,"CommitTimeout":1,"RecoveryTimeout":-1,"BatchApplyPreserveTransaction":true,"BatchApplyTimeoutMin":1,"BatchSplitSize":0,"BatchApplyTimeoutMax":30,"MinTransactionSize":1000,"MemoryKeepTime":60,"BatchApplyMemoryLimit":500,"MemoryLimitTotal":1024},"ChangeProcessingDdlHandlingPolicy":{"HandleSourceTableDropped":true,"HandleSourceTableTruncated":true,"HandleSourceTableAltered":true},"PostProcessingRules":null}",
        "SourceEndpointArn": {
          "Ref": "dmsSourceEndpoint",
        },
        "TableMappings": "{"rules":[{"rule-type":"selection","rule-id":"414301473","rule-name":"414301473","object-locator":{"schema-name":"%","table-name":"regions"},"rule-action":"include","filters":[]},{"rule-type":"selection","rule-id":"409372190","rule-name":"409372190","object-locator":{"schema-name":"%","table-name":"localPermission_userSettings"},"rule-action":"include","filters":[]},{"rule-type":"selection","rule-id":"409108047","rule-name":"409108047","object-locator":{"schema-name":"%","table-name":"vsc_liEquipment"},"rule-action":"include","filters":[]},{"rule-type":"selection","rule-id":"409102975","rule-name":"409102975","object-locator":{"schema-name":"%","table-name":"po_vpLiAdjustments"},"rule-action":"include","filters":[]},{"rule-type":"selection","rule-id":"409095601","rule-name":"409095601","object-locator":{"schema-name":"%","table-name":"inventoryItems"},"rule-action":"include","filters":[]},{"rule-type":"selection","rule-id":"451685528","rule-name":"451685528","object-locator":{"schema-name":"%","table-name":"vsc_lineitems"},"rule-action":"include","filters":[]},{"rule-type":"selection","rule-id":"451681710","rule-name":"451681710","object-locator":{"schema-name":"%","table-name":"vs_vendorsubcontract"},"rule-action":"include","filters":[]},{"rule-type":"selection","rule-id":"451678456","rule-name":"451678456","object-locator":{"schema-name":"%","table-name":"vendorInvoices"},"rule-action":"include","filters":[]},{"rule-type":"selection","rule-id":"451675415","rule-name":"451675415","object-locator":{"schema-name":"%","table-name":"vendors2"},"rule-action":"include","filters":[]},{"rule-type":"selection","rule-id":"451671181","rule-name":"451671181","object-locator":{"schema-name":"%","table-name":"se_time"},"rule-action":"include","filters":[]},{"rule-type":"selection","rule-id":"451668398","rule-name":"451668398","object-locator":{"schema-name":"%","table-name":"se_specialConditions"},"rule-action":"include","filters":[]},{"rule-type":"selection","rule-id":"451665314","rule-name":"451665314","object-locator":{"schema-name":"%","table-name":"se_serviceNotes"},"rule-action":"include","filters":[]},{"rule-type":"selection","rule-id":"451662291","rule-name":"451662291","object-locator":{"schema-name":"%","table-name":"se_serviceevents"},"rule-action":"include","filters":[]},{"rule-type":"selection","rule-id":"451658229","rule-name":"451658229","object-locator":{"schema-name":"%","table-name":"se_partsused"},"rule-action":"include","filters":[]},{"rule-type":"selection","rule-id":"451648212","rule-name":"451648212","object-locator":{"schema-name":"%","table-name":"se_assignedUsers"},"rule-action":"include","filters":[]},{"rule-type":"selection","rule-id":"451644446","rule-name":"451644446","object-locator":{"schema-name":"%","table-name":"po_liExchanges"},"rule-action":"include","filters":[]},{"rule-type":"selection","rule-id":"451640888","rule-name":"451640888","object-locator":{"schema-name":"%","table-name":"po_vplineitems"},"rule-action":"include","filters":[]},{"rule-type":"selection","rule-id":"451636288","rule-name":"451636288","object-locator":{"schema-name":"%","table-name":"po_vendorpayments"},"rule-action":"include","filters":[]},{"rule-type":"selection","rule-id":"451631538","rule-name":"451631538","object-locator":{"schema-name":"%","table-name":"po_purchaseorders"},"rule-action":"include","filters":[]},{"rule-type":"selection","rule-id":"451629189","rule-name":"451629189","object-locator":{"schema-name":"%","table-name":"po_lineItems"},"rule-action":"include","filters":[]},{"rule-type":"selection","rule-id":"451625983","rule-name":"451625983","object-locator":{"schema-name":"%","table-name":"mtclModels"},"rule-action":"include","filters":[]},{"rule-type":"selection","rule-id":"451622851","rule-name":"451622851","object-locator":{"schema-name":"%","table-name":"mtclDeviceTemps"},"rule-action":"include","filters":[]},{"rule-type":"selection","rule-id":"451619757","rule-name":"451619757","object-locator":{"schema-name":"%","table-name":"mtclDevices"},"rule-action":"include","filters":[]},{"rule-type":"selection","rule-id":"451615202","rule-name":"451615202","object-locator":{"schema-name":"%","table-name":"mtclAEM"},"rule-action":"include","filters":[]},{"rule-type":"selection","rule-id":"451579278","rule-name":"451579278","object-locator":{"schema-name":"%","table-name":"locationRoles"},"rule-action":"include","filters":[]},{"rule-type":"selection","rule-id":"451579179","rule-name":"451579179","object-locator":{"schema-name":"%","table-name":"locationRole_users"},"rule-action":"include","filters":[]},{"rule-type":"selection","rule-id":"451573425","rule-name":"451573425","object-locator":{"schema-name":"%","table-name":"locationRole_permissions"},"rule-action":"include","filters":[]},{"rule-type":"selection","rule-id":"451570208","rule-name":"451570208","object-locator":{"schema-name":"%","table-name":"l_seSymptoms"},"rule-action":"include","filters":[]},{"rule-type":"selection","rule-id":"451565268","rule-name":"451565268","object-locator":{"schema-name":"%","table-name":"l_seStatus"},"rule-action":"include","filters":[]},{"rule-type":"selection","rule-id":"451561691","rule-name":"451561691","object-locator":{"schema-name":"%","table-name":"l_seSpecialConditions"},"rule-action":"include","filters":[]},{"rule-type":"selection","rule-id":"451555913","rule-name":"451555913","object-locator":{"schema-name":"%","table-name":"l_seResolutions"},"rule-action":"include","filters":[]},{"rule-type":"selection","rule-id":"451545778","rule-name":"451545778","object-locator":{"schema-name":"%","table-name":"l_seDiagnosis"},"rule-action":"include","filters":[]},{"rule-type":"selection","rule-id":"451542167","rule-name":"451542167","object-locator":{"schema-name":"%","table-name":"l_equipmentStatus"},"rule-action":"include","filters":[]},{"rule-type":"selection","rule-id":"451538901","rule-name":"451538901","object-locator":{"schema-name":"%","table-name":"ismSystems"},"rule-action":"include","filters":[]},{"rule-type":"selection","rule-id":"451535311","rule-name":"451535311","object-locator":{"schema-name":"%","table-name":"facility_equipment"},"rule-action":"include","filters":[]},{"rule-type":"selection","rule-id":"451531455","rule-name":"451531455","object-locator":{"schema-name":"%","table-name":"facility_costCenters"},"rule-action":"include","filters":[]},{"rule-type":"selection","rule-id":"451527907","rule-name":"451527907","object-locator":{"schema-name":"%","table-name":"facility_equipmentBudget"},"rule-action":"include","filters":[]},{"rule-type":"selection","rule-id":"451517078","rule-name":"451517078","object-locator":{"schema-name":"%","table-name":"facilities"},"rule-action":"include","filters":[]},{"rule-type":"selection","rule-id":"451513268","rule-name":"451513268","object-locator":{"schema-name":"%","table-name":"documents"},"rule-action":"include","filters":[]},{"rule-type":"selection","rule-id":"451509640","rule-name":"451509640","object-locator":{"schema-name":"%","table-name":"coverage_coverageDetailsTemplates"},"rule-action":"include","filters":[]},{"rule-type":"selection","rule-id":"451506243","rule-name":"451506243","object-locator":{"schema-name":"%","table-name":"coverage_coverageSpecification"},"rule-action":"include","filters":[]},{"rule-type":"selection","rule-id":"451499822","rule-name":"451499822","object-locator":{"schema-name":"%","table-name":"clientsystems"},"rule-action":"include","filters":[]},{"rule-type":"selection","rule-id":"451487095","rule-name":"451487095","object-locator":{"schema-name":"%","table-name":"clients"},"rule-action":"include","filters":[]},{"rule-type":"transformation","rule-id":"7","rule-target":"column","rule-name":"uint1-to-int32","rule-action":"change-data-type","object-locator":{"schema-name":"%","table-name":"%","column-name":"%","data-type":"uint1"},"data-type":{"type":"int4"}},{"rule-type":"transformation","rule-id":"6","rule-name":"unit64-to-int64","rule-action":"change-data-type","rule-target":"column","object-locator":{"schema-name":"%","table-name":"%","column-name":"%","data-type":"uint8"},"data-type":{"type":"int8"}},{"rule-type":"transformation","rule-id":"811578140","rule-target":"column","rule-name":"uint32-to-int32","rule-action":"change-data-type","object-locator":{"schema-name":"%","table-name":"%","column-name":"%","data-type":"uint4"},"data-type":{"type":"int4"}},{"rule-type":"transformation","rule-id":"010266119","rule-name":"010266119","rule-target":"column","object-locator":{"schema-name":"%","table-name":"mtclDeviceTemps"},"parallel-load":null,"rule-action":"add-column","value":"mtclDevTmp_formattedName","expression":"'TEMP: ' ||  UPPER($mtclDevTmp_vendor) ||  ' - ' ||  $mtclDevTmp_model ||  ', ' ||  $mtclDevTmp_device ","old-value":null,"data-type":{"type":"string","length":"100","scale":""}},{"rule-type":"transformation","rule-id":"480982740","rule-name":"480982740","rule-target":"column","object-locator":{"schema-name":"%","table-name":"%"},"rule-action":"add-column","old-value":null,"parallel-load":null,"value":"ingestion_seq","expression":"$AR_H_CHANGE_SEQ","data-type":{"type":"string","length":50}},{"rule-type":"transformation","rule-id":"417163330","rule-name":"417163330","rule-target":"column","object-locator":{"schema-name":"%","table-name":"%"},"parallel-load":null,"rule-action":"add-column","value":"ingestion_operation","expression":"$AR_H_OPERATION","old-value":"I","data-type":{"type":"string","length":"20","scale":""}},{"rule-type":"transformation","rule-id":"408997017","rule-name":"408997017","rule-target":"column","object-locator":{"schema-name":"%","table-name":"%"},"value":"ingestion_timestamp","expression":"$AR_H_TIMESTAMP","data-type":{"type":"datetime","precision":7},"parallel-load":null,"rule-action":"add-column"}]}",
        "TargetEndpointArn": {
          "Ref": "dmsTargetEndpointS3",
        },
      },
      "Type": "AWS::DMS::ReplicationTask",
    },
    "dmsReplicationTaskRenovoMaster": {
      "Properties": {
        "MigrationType": "full-load-and-cdc",
        "ReplicationInstanceArn": {
          "Fn::ImportValue": "instance:ExportsOutputRefdmsInstance50CC9CB5",
        },
        "ReplicationTaskIdentifier": "renovolive-renovomaster",
        "ReplicationTaskSettings": "{"Logging":{"EnableLogging":true,"EnableLogContext":true,"LogComponents":[{"Severity":"LOGGER_SEVERITY_DEFAULT","Id":"TRANSFORMATION"},{"Severity":"LOGGER_SEVERITY_DEFAULT","Id":"SOURCE_UNLOAD"},{"Severity":"LOGGER_SEVERITY_DEFAULT","Id":"IO"},{"Severity":"LOGGER_SEVERITY_DEFAULT","Id":"TARGET_LOAD"},{"Severity":"LOGGER_SEVERITY_DEFAULT","Id":"PERFORMANCE"},{"Severity":"LOGGER_SEVERITY_DEFAULT","Id":"SOURCE_CAPTURE"},{"Severity":"LOGGER_SEVERITY_DEFAULT","Id":"SORTER"},{"Severity":"LOGGER_SEVERITY_DEFAULT","Id":"REST_SERVER"},{"Severity":"LOGGER_SEVERITY_DEFAULT","Id":"VALIDATOR_EXT"},{"Severity":"LOGGER_SEVERITY_DEFAULT","Id":"TARGET_APPLY"},{"Severity":"LOGGER_SEVERITY_DEFAULT","Id":"TASK_MANAGER"},{"Severity":"LOGGER_SEVERITY_DEFAULT","Id":"TABLES_MANAGER"},{"Severity":"LOGGER_SEVERITY_DEFAULT","Id":"METADATA_MANAGER"},{"Severity":"LOGGER_SEVERITY_DEFAULT","Id":"FILE_FACTORY"},{"Severity":"LOGGER_SEVERITY_DEFAULT","Id":"COMMON"},{"Severity":"LOGGER_SEVERITY_DEFAULT","Id":"ADDONS"},{"Severity":"LOGGER_SEVERITY_DEFAULT","Id":"DATA_STRUCTURE"},{"Severity":"LOGGER_SEVERITY_DEFAULT","Id":"COMMUNICATION"},{"Severity":"LOGGER_SEVERITY_DEFAULT","Id":"FILE_TRANSFER"}]},"StreamBufferSettings":{"StreamBufferCount":3,"CtrlStreamBufferSizeInMB":5,"StreamBufferSizeInMB":8},"ErrorBehavior":{"FailOnNoTablesCaptured":true,"ApplyErrorUpdatePolicy":"LOG_ERROR","FailOnTransactionConsistencyBreached":false,"RecoverableErrorThrottlingMax":1800,"DataErrorEscalationPolicy":"SUSPEND_TABLE","ApplyErrorEscalationCount":0,"RecoverableErrorStopRetryAfterThrottlingMax":true,"RecoverableErrorThrottling":true,"ApplyErrorFailOnTruncationDdl":false,"DataTruncationErrorPolicy":"LOG_ERROR","ApplyErrorInsertPolicy":"LOG_ERROR","EventErrorPolicy":"IGNORE","ApplyErrorEscalationPolicy":"LOG_ERROR","RecoverableErrorCount":-1,"DataErrorEscalationCount":0,"TableErrorEscalationPolicy":"STOP_TASK","RecoverableErrorInterval":5,"ApplyErrorDeletePolicy":"IGNORE_RECORD","TableErrorEscalationCount":0,"FullLoadIgnoreConflicts":true,"DataErrorPolicy":"LOG_ERROR","TableErrorPolicy":"SUSPEND_TABLE"},"TTSettings":{"TTS3Settings":null,"TTRecordSettings":null,"EnableTT":false},"FullLoadSettings":{"CommitRate":10000,"StopTaskCachedChangesApplied":false,"StopTaskCachedChangesNotApplied":false,"MaxFullLoadSubTasks":8,"TransactionConsistencyTimeout":600,"CreatePkAfterFullLoad":false,"TargetTablePrepMode":"DO_NOTHING","PersistPartitionProgressForResumption":false},"TargetMetadata":{"ParallelApplyBufferSize":0,"ParallelApplyQueuesPerThread":0,"ParallelApplyThreads":0,"TargetSchema":"","InlineLobMaxSize":0,"ParallelLoadQueuesPerThread":0,"SupportLobs":true,"LobChunkSize":0,"TaskRecoveryTableEnabled":false,"ParallelLoadThreads":0,"LobMaxSize":32,"BatchApplyEnabled":true,"FullLobMode":false,"LimitedSizeLobMode":true,"LoadMaxFileSize":0,"ParallelLoadBufferSize":0},"BeforeImageSettings":null,"ControlTablesSettings":{"historyTimeslotInMinutes":5,"HistoryTimeslotInMinutes":5,"StatusTableEnabled":false,"SuspendedTablesTableEnabled":false,"HistoryTableEnabled":false,"ControlSchema":"","FullLoadExceptionTableEnabled":false},"LoopbackPreventionSettings":null,"CharacterSetSettings":null,"FailTaskWhenCleanTaskResourceFailed":false,"ChangeProcessingTuning":{"StatementCacheSize":50,"CommitTimeout":1,"RecoveryTimeout":-1,"BatchApplyPreserveTransaction":true,"BatchApplyTimeoutMin":1,"BatchSplitSize":0,"BatchApplyTimeoutMax":30,"MinTransactionSize":1000,"MemoryKeepTime":60,"BatchApplyMemoryLimit":500,"MemoryLimitTotal":1024},"ChangeProcessingDdlHandlingPolicy":{"HandleSourceTableDropped":true,"HandleSourceTableTruncated":true,"HandleSourceTableAltered":true},"PostProcessingRules":null}",
        "SourceEndpointArn": {
          "Ref": "dmsSourceEndpoint2",
        },
        "TableMappings": "{"rules":[{"rule-type":"selection","rule-id":"097315523","rule-name":"097315523","object-locator":{"schema-name":"%","table-name":"mtdevices"},"rule-action":"include","filters":[]},{"rule-type":"selection","rule-id":"198562516","rule-name":"198562516","object-locator":{"schema-name":"%","table-name":"mtDeviceAcqPricing"},"rule-action":"include","filters":[]},{"rule-type":"selection","rule-id":"922549386","rule-name":"922549386","object-locator":{"schema-name":"%","table-name":"mtFrequencyChangeQueue"},"rule-action":"include","filters":[]},{"rule-type":"selection","rule-id":"922544025","rule-name":"922544025","object-locator":{"schema-name":"%","table-name":"mtmodels"},"rule-action":"include","filters":[]},{"rule-type":"selection","rule-id":"922538935","rule-name":"922538935","object-locator":{"schema-name":"%","table-name":"l_mfgmodalities"},"rule-action":"include","filters":[]},{"rule-type":"selection","rule-id":"922535942","rule-name":"922535942","object-locator":{"schema-name":"%","table-name":"l_pmSchedules"},"rule-action":"include","filters":[]},{"rule-type":"selection","rule-id":"922533171","rule-name":"922533171","object-locator":{"schema-name":"%","table-name":"localPermissions"},"rule-action":"include","filters":[]},{"rule-type":"selection","rule-id":"806484630","rule-name":"806484630","object-locator":{"schema-name":"%","table-name":"DailyDate"},"rule-action":"include","filters":[]},{"rule-type":"selection","rule-id":"027802499","rule-name":"027802499","object-locator":{"schema-name":"%","table-name":"l_seTimeTypesExt"},"rule-action":"include","filters":[]},{"rule-type":"selection","rule-id":"002508071","rule-name":"002508071","object-locator":{"schema-name":"%","table-name":"SageRegions"},"rule-action":"include","filters":[]},{"rule-type":"selection","rule-id":"595178144","rule-name":"595178144","object-locator":{"schema-name":"%","table-name":"l_lookups"},"rule-action":"include","filters":[]},{"rule-type":"selection","rule-id":"595120140","rule-name":"595120140","object-locator":{"schema-name":"%","table-name":"organizations"},"rule-action":"include","filters":[]},{"rule-type":"selection","rule-id":"595115815","rule-name":"595115815","object-locator":{"schema-name":"%","table-name":"userOrgs"},"rule-action":"include","filters":[]},{"rule-type":"selection","rule-id":"595108666","rule-name":"595108666","object-locator":{"schema-name":"%","table-name":"users"},"rule-action":"include","filters":[]},{"rule-type":"selection","rule-id":"486365924","rule-name":"486365924","object-locator":{"schema-name":"%","table-name":"mtVendors"},"rule-action":"include","filters":[]},{"rule-type":"transformation","rule-id":"417163330","rule-name":"417163330","rule-target":"column","object-locator":{"schema-name":"%","table-name":"%"},"parallel-load":null,"rule-action":"add-column","value":"ingestion_operation","expression":"$AR_H_OPERATION","old-value":"I","data-type":{"type":"string","length":"20","scale":""}},{"rule-type":"transformation","rule-id":"408997017","rule-name":"408997017","rule-target":"column","object-locator":{"schema-name":"%","table-name":"%"},"value":"ingestion_timestamp","expression":"$AR_H_TIMESTAMP","data-type":{"type":"datetime","precision":7},"parallel-load":null,"rule-action":"add-column"},{"rule-type":"transformation","rule-id":"480982740","rule-name":"480982740","rule-target":"column","object-locator":{"schema-name":"%","table-name":"%"},"rule-action":"add-column","old-value":null,"parallel-load":null,"value":"ingestion_seq","expression":"$AR_H_CHANGE_SEQ","data-type":{"type":"string","length":50}}]}",
        "TargetEndpointArn": {
          "Ref": "dmsTargetEndpointS3RenovoMaster",
        },
      },
      "Type": "AWS::DMS::ReplicationTask",
    },
    "dmsS3PolicyD66D5052": {
      "Properties": {
        "Description": "",
        "Path": "/",
        "PolicyDocument": {
          "Statement": [
            {
              "Action": [
                "s3:PutObject",
                "s3:DeleteObject",
                "s3:PutObjectTagging",
              ],
              "Effect": "Allow",
              "Resource": [
                {
                  "Fn::ImportValue": "S3Stack:ExportsOutputFnGetAttRawBucket0C3EE094ArnD2F95F99",
                },
                {
                  "Fn::Join": [
                    "",
                    [
                      {
                        "Fn::ImportValue": "S3Stack:ExportsOutputFnGetAttRawBucket0C3EE094ArnD2F95F99",
                      },
                      "/*",
                    ],
                  ],
                },
              ],
            },
            {
              "Action": "s3:ListBucket",
              "Effect": "Allow",
              "Resource": {
                "Fn::ImportValue": "S3Stack:ExportsOutputFnGetAttRawBucket0C3EE094ArnD2F95F99",
              },
            },
          ],
          "Version": "2012-10-17",
        },
      },
      "Type": "AWS::IAM::ManagedPolicy",
    },
    "dmsS3Role885B5E84": {
      "Properties": {
        "AssumeRolePolicyDocument": {
          "Statement": [
            {
              "Action": "sts:AssumeRole",
              "Effect": "Allow",
              "Principal": {
                "Service": "dms.amazonaws.com",
              },
            },
          ],
          "Version": "2012-10-17",
        },
        "ManagedPolicyArns": [
          {
            "Ref": "dmsS3PolicyD66D5052",
          },
        ],
      },
      "Type": "AWS::IAM::Role",
    },
    "dmsSourceEndpoint": {
      "Properties": {
        "DatabaseName": "clRenovo",
        "EndpointIdentifier": "renovolive-clrenovo",
        "EndpointType": "source",
        "EngineName": "sqlserver",
        "ExtraConnectionAttributes": "setUpMsCdcForTables=true",
        "MicrosoftSqlServerSettings": {
          "SecretsManagerAccessRoleArn": {
            "Fn::GetAtt": [
              "secretAccessRole0B2EA069",
              "Arn",
            ],
          },
          "SecretsManagerSecretId": {
            "Fn::Join": [
              "",
              [
                "arn:",
                {
                  "Ref": "AWS::Partition",
                },
                ":secretsmanager:us-east-1:123456789012:secret:RenovoLive/Dev/QuickSight/DMS/DBConnectionDetails",
              ],
            ],
          },
        },
      },
      "Type": "AWS::DMS::Endpoint",
    },
    "dmsSourceEndpoint2": {
      "Properties": {
        "DatabaseName": "RenovoMaster",
        "EndpointIdentifier": "renovolive-renovomaster",
        "EndpointType": "source",
        "EngineName": "sqlserver",
        "ExtraConnectionAttributes": "setUpMsCdcForTables=true",
        "MicrosoftSqlServerSettings": {
          "SecretsManagerAccessRoleArn": {
            "Fn::GetAtt": [
              "secretAccessRole0B2EA069",
              "Arn",
            ],
          },
          "SecretsManagerSecretId": {
            "Fn::Join": [
              "",
              [
                "arn:",
                {
                  "Ref": "AWS::Partition",
                },
                ":secretsmanager:us-east-1:123456789012:secret:RenovoLive/Dev/QuickSight/DMS/DBConnectionDetails",
              ],
            ],
          },
        },
      },
      "Type": "AWS::DMS::Endpoint",
    },
    "dmsTargetEndpointS3": {
      "Properties": {
        "EndpointIdentifier": "renovolive-s3-clrenovo",
        "EndpointType": "target",
        "EngineName": "s3",
        "S3Settings": {
          "AddColumnName": true,
          "BucketFolder": "renovolive/clRenovo",
          "BucketName": {
            "Fn::ImportValue": "S3Stack:ExportsOutputRefRawBucket0C3EE094D6333DF9",
          },
          "CompressionType": "GZIP",
          "CsvDelimiter": ",",
          "CsvRowDelimiter": "
",
          "DataFormat": "parquet",
          "DatePartitionEnabled": false,
          "DictPageSizeLimit": 3072000,
          "EnableStatistics": false,
          "EncodingType": "plain-dictionary",
          "ServiceAccessRoleArn": {
            "Fn::GetAtt": [
              "dmsS3Role885B5E84",
              "Arn",
            ],
          },
        },
      },
      "Type": "AWS::DMS::Endpoint",
    },
    "dmsTargetEndpointS3RenovoMaster": {
      "Properties": {
        "EndpointIdentifier": "renovolive-s3-renovomaster",
        "EndpointType": "target",
        "EngineName": "s3",
        "S3Settings": {
          "AddColumnName": true,
          "BucketFolder": "renovolive/RenovoMaster",
          "BucketName": {
            "Fn::ImportValue": "S3Stack:ExportsOutputRefRawBucket0C3EE094D6333DF9",
          },
          "CompressionType": "GZIP",
          "CsvDelimiter": ",",
          "CsvRowDelimiter": "
",
          "DataFormat": "parquet",
          "DatePartitionEnabled": false,
          "DictPageSizeLimit": 3072000,
          "EnableStatistics": false,
          "EncodingType": "plain-dictionary",
          "ServiceAccessRoleArn": {
            "Fn::GetAtt": [
              "dmsS3Role885B5E84",
              "Arn",
            ],
          },
        },
      },
      "Type": "AWS::DMS::Endpoint",
    },
    "secretAccessPolicy94D0FE2A": {
      "Properties": {
        "Description": "",
        "Path": "/",
        "PolicyDocument": {
          "Statement": [
            {
              "Action": "secretsmanager:GetSecretValue",
              "Effect": "Allow",
              "Resource": [
                {
                  "Fn::Join": [
                    "",
                    [
                      "arn:",
                      {
                        "Ref": "AWS::Partition",
                      },
                      ":secretsmanager:us-east-1:123456789012:secret:RenovoLive/Dev/QuickSight/DMS/DBConnectionDetails",
                    ],
                  ],
                },
                {
                  "Fn::Join": [
                    "",
                    [
                      "arn:",
                      {
                        "Ref": "AWS::Partition",
                      },
                      ":secretsmanager:us-east-1:123456789012:secret:RenovoLive/Dev/QuickSight/DMS/DBConnectionDetails-*",
                    ],
                  ],
                },
              ],
            },
          ],
          "Version": "2012-10-17",
        },
      },
      "Type": "AWS::IAM::ManagedPolicy",
    },
    "secretAccessRole0B2EA069": {
      "Properties": {
        "AssumeRolePolicyDocument": {
          "Statement": [
            {
              "Action": "sts:AssumeRole",
              "Effect": "Allow",
              "Principal": {
                "Service": "dms.us-east-1.amazonaws.com",
              },
            },
          ],
          "Version": "2012-10-17",
        },
        "ManagedPolicyArns": [
          {
            "Ref": "secretAccessPolicy94D0FE2A",
          },
        ],
      },
      "Type": "AWS::IAM::Role",
    },
  },
  "Rules": {
    "CheckBootstrapVersion": {
      "Assertions": [
        {
          "Assert": {
            "Fn::Not": [
              {
                "Fn::Contains": [
                  [
                    "1",
                    "2",
                    "3",
                    "4",
                    "5",
                  ],
                  {
                    "Ref": "BootstrapVersion",
                  },
                ],
              },
            ],
          },
          "AssertDescription": "CDK bootstrap stack version 6 required. Please run 'cdk bootstrap' with a recent version of the CDK CLI.",
        },
      ],
    },
  },
}
`;

exports[`Snapshot 3`] = `
{
  "Parameters": {
    "BootstrapVersion": {
      "Default": "/cdk-bootstrap/hnb659fds/version",
      "Description": "Version of the CDK Bootstrap resources in this environment, automatically retrieved from SSM Parameter Store. [cdk:skip]",
      "Type": "AWS::SSM::Parameter::Value<String>",
    },
  },
  "Resources": {
    "dmsSourceEndpoint": {
      "Properties": {
        "DatabaseName": "csm",
        "EndpointIdentifier": "test-csm",
        "EndpointType": "source",
        "EngineName": "postgres",
        "PostgreSqlSettings": {
          "SecretsManagerAccessRoleArn": {
            "Fn::GetAtt": [
              "secretAccessRole0B2EA069",
              "Arn",
            ],
          },
          "SecretsManagerSecretId": {
            "Fn::Join": [
              "",
              [
                "arn:",
                {
                  "Ref": "AWS::Partition",
                },
                ":secretsmanager:us-east-1:123456789012:secret:CSM/Test/QuickSight/DMS/DBConnectionDetails",
              ],
            ],
          },
        },
      },
      "Type": "AWS::DMS::Endpoint",
    },
    "secretAccessPolicy94D0FE2A": {
      "Properties": {
        "Description": "",
        "Path": "/",
        "PolicyDocument": {
          "Statement": [
            {
              "Action": "secretsmanager:GetSecretValue",
              "Effect": "Allow",
              "Resource": [
                {
                  "Fn::Join": [
                    "",
                    [
                      "arn:",
                      {
                        "Ref": "AWS::Partition",
                      },
                      ":secretsmanager:us-east-1:123456789012:secret:CSM/Test/QuickSight/DMS/DBConnectionDetails",
                    ],
                  ],
                },
                {
                  "Fn::Join": [
                    "",
                    [
                      "arn:",
                      {
                        "Ref": "AWS::Partition",
                      },
                      ":secretsmanager:us-east-1:123456789012:secret:CSM/Test/QuickSight/DMS/DBConnectionDetails-*",
                    ],
                  ],
                },
              ],
            },
          ],
          "Version": "2012-10-17",
        },
      },
      "Type": "AWS::IAM::ManagedPolicy",
    },
    "secretAccessRole0B2EA069": {
      "Properties": {
        "AssumeRolePolicyDocument": {
          "Statement": [
            {
              "Action": "sts:AssumeRole",
              "Effect": "Allow",
              "Principal": {
                "Service": "dms.us-east-1.amazonaws.com",
              },
            },
          ],
          "Version": "2012-10-17",
        },
        "ManagedPolicyArns": [
          {
            "Ref": "secretAccessPolicy94D0FE2A",
          },
        ],
      },
      "Type": "AWS::IAM::Role",
    },
  },
  "Rules": {
    "CheckBootstrapVersion": {
      "Assertions": [
        {
          "Assert": {
            "Fn::Not": [
              {
                "Fn::Contains": [
                  [
                    "1",
                    "2",
                    "3",
                    "4",
                    "5",
                  ],
                  {
                    "Ref": "BootstrapVersion",
                  },
                ],
              },
            ],
          },
          "AssertDescription": "CDK bootstrap stack version 6 required. Please run 'cdk bootstrap' with a recent version of the CDK CLI.",
        },
      ],
    },
  },
}
`;
